../Drivers/Modules/StepperMotorDriver.c:22:6:Stepper_init	4	static
../Drivers/Modules/StepperMotorDriver.c:37:6:Stepper_start	8	static
../Drivers/Modules/StepperMotorDriver.c:49:6:Stepper_stop	8	static
../Drivers/Modules/StepperMotorDriver.c:58:6:Stepper_SetDirection	16	static
../Drivers/Modules/StepperMotorDriver.c:62:6:Stepper_ToggleDirection	4	static
../Drivers/Modules/StepperMotorDriver.c:69:6:Stepper_SetSpeed	16	static
../Drivers/Modules/StepperMotorDriver.c:77:10:Stepper_GetAngle	8	static
../Drivers/Modules/StepperMotorDriver.c:93:6:Stepper_WaveDriveMode	4	static
../Drivers/Modules/StepperMotorDriver.c:148:6:Stepper_FullDriveMode1	4	static
../Drivers/Modules/StepperMotorDriver.c:217:6:Stepper_FullDriveMode2	16	static
../Drivers/Modules/StepperMotorDriver.c:295:6:Stepper_HalfDriveMode	16	static
