../Drivers/Modules/StepperMotorDriver.c:21:6:Stepper_init	4	static
../Drivers/Modules/StepperMotorDriver.c:36:6:Stepper_start	8	static
../Drivers/Modules/StepperMotorDriver.c:48:6:Stepper_stop	8	static
../Drivers/Modules/StepperMotorDriver.c:57:6:Stepper_SetDirection	16	static
../Drivers/Modules/StepperMotorDriver.c:61:6:Stepper_ToggleDirection	4	static
../Drivers/Modules/StepperMotorDriver.c:68:6:Stepper_SetSpeed	16	static
../Drivers/Modules/StepperMotorDriver.c:78:6:Stepper_WaveDriveMode	4	static
../Drivers/Modules/StepperMotorDriver.c:133:6:Stepper_FullDriveMode1	4	static
../Drivers/Modules/StepperMotorDriver.c:202:6:Stepper_FullDriveMode2	16	static
../Drivers/Modules/StepperMotorDriver.c:280:6:Stepper_HalfDriveMode	16	static
