../Drivers/CMSIS/Include/core_cm4.h:1684:22:__NVIC_EnableIRQ	16	static,ignoring_inline_asm
../Drivers/Modules/UltrasonicSensorDriver.c:21:6:HCSR_04_init	8	static
../Drivers/Modules/UltrasonicSensorDriver.c:78:6:HCSR_04_start	8	static
../Drivers/Modules/UltrasonicSensorDriver.c:85:6:HCSR_04_stop	4	static
../Drivers/Modules/UltrasonicSensorDriver.c:89:10:HCSR_04_GetDistance	4	static
../Drivers/Modules/UltrasonicSensorDriver.c:98:6:delay_us	24	static
../Drivers/Modules/UltrasonicSensorDriver.c:106:6:TIM2_IRQHandler	4	static
